Cluster Name: photon
Base Path:    /photon_data/photon_data
Num Of Node:  1
Node Name:      Node 1
HTTP Port:      9201
Data Directory: /photon_data/photon_data/node_1/data
Log Directory:  /photon_data/photon_data/node_1/logs
[2026-10-01T13:45:58,784][INFO ][o.o.n.Node               ] version[3.8.0], pid[7], build[unknown/unknown/unknown], OS[Linux/5.15.167.4-microsoft-standard-WSL2/amd64], JVM[Eclipse Adoptium/OpenJDK 64-Bit Server VM/21.0.12.1/21.0.12.1+1-LTS]
[2026-10-01T13:45:58,784][INFO ][o.o.n.Node               ] JVM home [/opt/java/openjdk]
[2026-10-01T13:45:58,789][INFO ][o.o.n.Node               ] JVM arguments [-Xms256m, -Xmx512m]
[2026-10-01T13:45:58,794][INFO ][o.o.p.PluginsService     ] no modules loaded
[2026-10-01T13:45:58,795][INFO ][o.o.p.PluginsService     ] loaded plugin [org.opensearch.analysis.common.CommonAnalysisModulePlugin]
[2026-10-01T13:45:58,795][INFO ][o.o.p.PluginsService     ] loaded plugin [org.opensearch.geo.GeoModulePlugin]
[2026-10-01T13:45:58,795][INFO ][o.o.p.PluginsService     ] loaded plugin [org.opensearch.transport.Netty4ModulePlugin]
[2026-10-01T13:45:58,869][WARN ][stderr                   ] WARNING: A restricted method in java.lang.foreign.Linker has been called
[2026-10-01T13:45:58,869][WARN ][stderr                   ] WARNING: java.lang.foreign.Linker::downcallHandle has been called by the unnamed module
[2026-10-01T13:45:58,869][WARN ][stderr                   ] WARNING: Use --enable-native-access=ALL-UNNAMED to avoid a warning for this module
[2026-10-01T13:45:58,928][INFO ][o.o.e.NodeEnvironment    ] using [1] data paths, mounts [[/photon_data (/dev/sdc)]], net usable_space [929gb], net total_space [1006.8gb], types [ext4]
[2026-10-01T13:45:58,929][INFO ][o.o.e.NodeEnvironment    ] heap size [494.9mb], compressed ordinary object pointers [true]
[2026-10-01T13:45:59,049][WARN ][o.a.l.i.v.VectorizationProvider] Java vector incubator module is not readable. For optimal vector performance, pass '--add-modules jdk.incubator.vector' to enable Vector API.
[2026-10-01T13:45:59,219][INFO ][o.o.n.Node               ] node name [Node 1], node ID [QZ3Kej07RMCbBHUvgdZ7Vg], cluster name [photon], roles [data, cluster_manager]
[2026-10-01T13:45:59,259][INFO ][o.o.e.ExtensionsManager  ] ExtensionsManager initialized
[2026-10-01T13:45:59,584][INFO ][o.o.i.MergeSchedulerConfig] Updating autoThrottle for index _na_ from [false] to [true]
[2026-10-01T13:45:59,584][INFO ][o.o.i.MergeSchedulerConfig] Updating maxThreadCount from [0] to [4] and maxMergeCount from [0] to [9] for index _na_.
[2026-10-01T13:45:59,584][INFO ][o.o.i.MergeSchedulerConfig] Initialized index _na_ with maxMergeCount=9, maxThreadCount=4, autoThrottleEnabled=true
[2026-10-01T13:45:59,802][INFO ][o.o.i.MergeSchedulerConfig] Updating autoThrottle for index _na_ from [false] to [true]
[2026-10-01T13:45:59,802][INFO ][o.o.i.MergeSchedulerConfig] Updating maxThreadCount from [0] to [4] and maxMergeCount from [0] to [9] for index _na_.
[2026-10-01T13:45:59,802][INFO ][o.o.i.MergeSchedulerConfig] Initialized index _na_ with maxMergeCount=9, maxThreadCount=4, autoThrottleEnabled=true
[2026-10-01T13:46:00,723][WARN ][o.o.b.Natives            ] unable to load JNA native support library, native methods will be disabled.
java.lang.UnsatisfiedLinkError: /tmp/jna14929081220580853660.tmp: /tmp/jna14929081220580853660.tmp: failed to map segment from shared object
	at java.base/jdk.internal.loader.NativeLibraries.load(Native Method)
	at java.base/jdk.internal.loader.NativeLibraries$NativeLibraryImpl.open(Unknown Source)
	at java.base/jdk.internal.loader.NativeLibraries.loadLibrary(Unknown Source)
	at java.base/jdk.internal.loader.NativeLibraries.loadLibrary(Unknown Source)
	at java.base/java.lang.ClassLoader.loadLibrary(Unknown Source)
	at java.base/java.lang.Runtime.load0(Unknown Source)
	at java.base/java.lang.System.load(Unknown Source)
	at com.sun.jna.Native.loadNativeDispatchLibraryFromClasspath(Native.java:1041)
	at com.sun.jna.Native.loadNativeDispatchLibrary(Native.java:1011)
	at com.sun.jna.Native.<clinit>(Native.java:221)
	at java.base/java.lang.Class.forName0(Native Method)
	at java.base/java.lang.Class.forName(Unknown Source)
	at java.base/java.lang.Class.forName(Unknown Source)
	at org.opensearch.bootstrap.Natives.<clinit>(Natives.java:60)
	at org.opensearch.bootstrap.BootstrapInfo.isMemoryLocked(BootstrapInfo.java:65)
	at org.opensearch.monitor.process.ProcessProbe.processInfo(ProcessProbe.java:147)
	at org.opensearch.monitor.process.ProcessService.<init>(ProcessService.java:68)
	at org.opensearch.monitor.MonitorService.<init>(MonitorService.java:66)
	at org.opensearch.node.Node.<init>(Node.java:1139)
	at org.codelibs.opensearch.runner.node.OpenSearchRunnerNode.<init>(OpenSearchRunnerNode.java:44)
	at org.codelibs.opensearch.runner.OpenSearchRunner.execute(OpenSearchRunner.java:573)
	at org.codelibs.opensearch.runner.OpenSearchRunner.build(OpenSearchRunner.java:415)
	at org.codelibs.opensearch.runner.OpenSearchRunner.build(OpenSearchRunner.java:346)
	at de.komoot.photon.Server.startInternal(Server.java:96)
	at de.komoot.photon.Server.<init>(Server.java:66)
	at de.komoot.photon.App.runPhoton(App.java:83)
	at de.komoot.photon.App.main(App.java:49)
[2026-10-01T13:46:00,970][INFO ][o.o.t.NettyAllocator     ] creating NettyAllocator with the following configs: [name=unpooled, suggested_max_allocation_size=1mb, factors={opensearch.unsafe.use_unpooled_allocator=null, g1gc_enabled=false, g1gc_region_size=0b, heap_size=494.9mb}]
[2026-10-01T13:46:01,034][INFO ][o.o.d.DiscoveryModule    ] using discovery type [single-node] and seed hosts providers [settings]
[2026-10-01T13:46:01,408][WARN ][o.o.g.DanglingIndicesState] gateway.auto_import_dangling_indices is disabled, dangling indices will not be automatically detected or imported and must be managed manually
[2026-10-01T13:46:01,646][INFO ][o.o.n.Node               ] initialized
[2026-10-01T13:46:01,647][INFO ][o.o.n.Node               ] starting ...
[2026-10-01T13:46:01,822][INFO ][o.o.t.TransportService   ] publish_address {127.0.0.1:9300}, bound_addresses {[::1]:9300}, {127.0.0.1:9300}
[2026-10-01T13:46:02,046][INFO ][o.o.c.c.Coordinator      ] cluster UUID [-rvpMd_5QnCMpFDOFmqMhA]
[2026-10-01T13:46:02,113][INFO ][o.o.c.s.ClusterManagerService] Tasks batched with key: org.opensearch.cluster.coordination.JoinHelper, count:3 and sample tasks: elected-as-cluster-manager ([1] nodes joined)[{Node 1}{QZ3Kej07RMCbBHUvgdZ7Vg}{LaM8AxO1RFO39yVZGvLwdA}{127.0.0.1}{127.0.0.1:9300}{dm}{shard_indexing_pressure_enabled=true} elect leader, _BECOME_CLUSTER_MANAGER_TASK_, _FINISH_ELECTION_], term: 3, version: 20, delta: cluster-manager node changed {previous [], current [{Node 1}{QZ3Kej07RMCbBHUvgdZ7Vg}{LaM8AxO1RFO39yVZGvLwdA}{127.0.0.1}{127.0.0.1:9300}{dm}{shard_indexing_pressure_enabled=true}]}
[2026-10-01T13:46:02,155][INFO ][o.o.c.s.ClusterApplierService] cluster-manager node changed {previous [], current [{Node 1}{QZ3Kej07RMCbBHUvgdZ7Vg}{LaM8AxO1RFO39yVZGvLwdA}{127.0.0.1}{127.0.0.1:9300}{dm}{shard_indexing_pressure_enabled=true}]}, term: 3, version: 20, reason: Publication{term=3, version=20}
[2026-10-01T13:46:02,165][INFO ][o.o.d.PeerFinder         ] setting findPeersInterval to [1s] as node commission status = [true] for local node [{Node 1}{QZ3Kej07RMCbBHUvgdZ7Vg}{LaM8AxO1RFO39yVZGvLwdA}{127.0.0.1}{127.0.0.1:9300}{dm}{shard_indexing_pressure_enabled=true}]
[2026-10-01T13:46:02,175][INFO ][o.o.h.AbstractHttpServerTransport] publish_address {127.0.0.1:9201}, bound_addresses {[::1]:9201}, {127.0.0.1:9201}
[2026-10-01T13:46:02,175][INFO ][o.o.n.Node               ] started
[2026-10-01T13:46:02,210][INFO ][o.o.g.GatewayService     ] recovered [1] indices into cluster_state
[2026-10-01T13:46:02,303][INFO ][o.o.i.MergeSchedulerConfig] Updating autoThrottle for index photon from [false] to [true]
[2026-10-01T13:46:02,303][INFO ][o.o.i.MergeSchedulerConfig] Updating maxThreadCount from [0] to [4] and maxMergeCount from [0] to [9] for index photon.
[2026-10-01T13:46:02,303][INFO ][o.o.i.MergeSchedulerConfig] Initialized index photon with maxMergeCount=9, maxThreadCount=4, autoThrottleEnabled=true
[2026-10-01T13:46:02,317][INFO ][o.o.p.PluginsService     ] PluginService:onIndexModule index:[photon/EE79DRi8RouQEE8j50r8xA]
[2026-10-01T13:46:02,400][INFO ][o.o.i.MergeSchedulerConfig] Updating autoThrottle for index photon from [true] to [true]
[2026-10-01T13:46:02,767][INFO ][o.o.c.r.a.AllocationService] Cluster health status changed from [RED] to [YELLOW] (reason: [shards started [[photon][3]]]).
[2026-10-01T13:46:03,379][INFO ][d.k.p.App                ] Database cluster is now ready.
[2026-10-01T13:46:03,570][INFO ][d.k.p.App                ] Starting API with the following settings:

 Languages: [en, he]
 Import Date: null
 Support Structured Queries: true
 Support Geometries: false
[2026-10-01T13:46:03,915][INFO ][i.j.Javalin              ] Starting Javalin ...
[2026-10-01T13:46:03,919][INFO ][o.e.j.s.Server           ] jetty-12.1.8; built: 2026-04-01T01:09:18.991Z; git: c9cdc9aaa434a3665b8a53b4d1cc3684992da649; jvm 21.0.12.1+1-LTS
[2026-10-01T13:46:03,966][INFO ][o.e.j.s.DefaultSessionIdManager] Session workerName=node0
[2026-10-01T13:46:03,972][INFO ][o.e.j.s.h.ContextHandler ] Started oeje10s.ServletContextHandler@4dd28982{ROOT,/,b=null,a=AVAILABLE,h=oeje10s.SessionHandler@1e8c741c{STARTED}}
[2026-10-01T13:46:03,978][INFO ][o.e.j.e.s.ServletContextHandler] Started oeje10s.ServletContextHandler@4dd28982{ROOT,/,b=null,a=AVAILABLE,h=oeje10s.SessionHandler@1e8c741c{STARTED}}
[2026-10-01T13:46:03,984][INFO ][o.e.j.s.AbstractConnector] Started oejs.ServerConnector@3bdf6d63{HTTP/1.1, (http/1.1)}{127.0.0.1:2322}
[2026-10-01T13:46:03,984][INFO ][o.e.j.s.Server           ] Started oejs.Server@6d4bb60f{STARTING}[12.1.8,sto=0] @68ms
[2026-10-01T13:46:03,985][INFO ][i.j.Javalin              ] 
       __                  ___          _____
      / /___ __   ______ _/ (_)___     /__  /
 __  / / __ `/ | / / __ `/ / / __ \      / /
/ /_/ / /_/ /| |/ / /_/ / / / / / /     / /
\____/\__,_/ |___/\__,_/_/_/_/ /_/     /_/

       https://javalin.io/documentation

[2026-10-01T13:46:03,985][INFO ][i.j.Javalin              ] Javalin started in 298ms \o/
[2026-10-01T13:46:03,986][INFO ][i.j.Javalin              ] Listening on http://127.0.0.1:2322/
[2026-10-01T13:46:03,993][INFO ][i.j.Javalin              ] You are running Javalin 7.2.2 (released May 14, 2026. Your Javalin version is 140 days old. Consider checking for a newer version.).
[2026-10-01T14:08:52,369][WARN ][o.o.m.j.JvmGcMonitorService] [gc][1370] overhead, spent [845ms] collecting in the last [1.3s]
2026-10-01 13:45:58,351 [main] INFO  de.komoot.photon.App - Start up database cluster, this might take some time.
